// Jest Snapshot v1, https://goo.gl/fbAQLP

exports[`SearchCurrency Component Should render loading if there are no Selects 1`] = `
<div
  className="Select undefined undefined has-value is-searchable Select--single"
  style={undefined}
>
  <input
    disabled={false}
    name="Search Currency"
    type="hidden"
    value=""
  />
  <div
    className="Select-control"
    onKeyDown={[Function]}
    onMouseDown={[Function]}
    onTouchEnd={[Function]}
    onTouchMove={[Function]}
    onTouchStart={[Function]}
    style={undefined}
  >
    <span
      className="Select-multi-value-wrapper"
      id="react-select-3--value"
    >
      <div
        className="Select-value"
        style={undefined}
        title={undefined}
      >
        <span
          aria-selected="true"
          className="Select-value-label"
          id="react-select-3--value-item"
          role="option"
        />
      </div>
      <div
        className="Select-input"
        style={
          Object {
            "display": "inline-block",
          }
        }
      >
        <input
          aria-activedescendant="react-select-3--value"
          aria-describedby={undefined}
          aria-expanded="false"
          aria-haspopup="false"
          aria-label={undefined}
          aria-labelledby={undefined}
          aria-owns=""
          className={undefined}
          id={undefined}
          onBlur={[Function]}
          onChange={[Function]}
          onFocus={[Function]}
          required={false}
          role="combobox"
          style={
            Object {
              "boxSizing": "content-box",
              "width": "5px",
            }
          }
          tabIndex={undefined}
          value=""
        />
        <div
          style={
            Object {
              "height": 0,
              "left": 0,
              "overflow": "scroll",
              "position": "absolute",
              "top": 0,
              "visibility": "hidden",
              "whiteSpace": "pre",
            }
          }
        >
          
        </div>
      </div>
    </span>
    <span
      className="Select-arrow-zone"
      onMouseDown={[Function]}
    >
      <span
        className="Select-arrow"
        onMouseDown={[Function]}
      />
    </span>
  </div>
</div>
`;
